#-----------------------------------------------------------
# Vivado v2015.4 (64-bit)
# SW Build 1412921 on Wed Nov 18 09:43:45 MST 2015
# IP Build 1412160 on Tue Nov 17 13:47:24 MST 2015
# Start of session at: Wed May 24 17:12:23 2017
# Process ID: 14400
# Current directory: E:/Iluminare Variabila
# Command line: vivado.exe -gui_launcher_event rodinguilauncherevent10352 E:\Iluminare Variabila\Iluminare Variabila.xpr
# Log file: E:/Iluminare Variabila/vivado.log
# Journal file: E:/Iluminare Variabila\vivado.jou
#-----------------------------------------------------------
start_gui
open_project {E:/Iluminare Variabila/Iluminare Variabila.xpr}
open_hw
connect_hw_server
open_hw_target
set_property PROGRAM.FILE {E:/Iluminare Variabila/Iluminare Variabila.runs/impl_1/main.bit} [lindex [get_hw_devices] 0]
current_hw_device [lindex [get_hw_devices] 0]
refresh_hw_device -update_hw_probes false [lindex [get_hw_devices] 0]
set_property PROBES.FILE {} [lindex [get_hw_devices] 0]
set_property PROGRAM.FILE {E:/Iluminare Variabila/Iluminare Variabila.runs/impl_1/main.bit} [lindex [get_hw_devices] 0]
program_hw_devices [lindex [get_hw_devices] 0]
refresh_hw_device [lindex [get_hw_devices] 0]
